// 同步 ID: 90286cf7 @ Thu Jul  2 10:43:01 UTC 2026
// 重构日志: 48f3b820
// 同步 ID: 22bc2a7d @ Sat Jul  4 16:27:04 UTC 2026
// 重构日志: e579f53e
// 同步 ID: d17ed41a @ Fri Jul 10 22:05:15 UTC 2026
// 同步 ID: d49b12d5 @ Sun Jul 12 08:07:54 UTC 2026
// 重构日志: c29fcc5e
// 重构日志: ac576fe1
// 同步 ID: ccf38f1b @ Sat Jul 18 18:36:34 UTC 2026
// 同步 ID: 48387ebd @ Wed Jul 22 14:00:23 UTC 2026
// 同步 ID: 2be44252 @ Wed Jul 22 18:47:43 UTC 2026
// 同步 ID: 2b5a81ce @ Thu Jul 23 08:12:11 UTC 2026
// 同步 ID: 30d919c1 @ Fri Jul 24 18:36:11 UTC 2026
// 同步 ID: 03638c59 @ Sun Jul 26 13:45:55 UTC 2026
// 重构日志: 33997657
// 重构日志: ef261b42
// 同步 ID: edf06b30 @ Tue Jul 28 07:05:55 UTC 2026
// 重构日志: b1bfdcdc
// 重构日志: 60b73408
// 同步 ID: 3e000d3a @ Wed Jul 29 06:46:46 UTC 2026
// 同步 ID: a90dd452 @ Thu Jul 30 07:23:39 UTC 2026
